core_cm33.h:2115:26:__NVIC_GetPriorityGrouping	4	static
core_cm33.h:2127:22:__NVIC_EnableIRQ	16	static,ignoring_inline_asm
core_cm33.h:2324:22:__NVIC_SetPriority	16	static
core_cm33.h:2371:26:NVIC_EncodePriority	40	static
main.c:35:6:system_clk_init	4	static
main.c:170:6:GPIO_SetMODER	32	static
main.c:188:6:GPIO_SetOSPEEDR	32	static
main.c:198:6:GPIO_init	8	static
main.c:265:6:TIM3_init	4	static
main.c:286:6:NVIC_init	16	static
main.c:292:6:SPI_init	16	static
main.c:330:6:CRC_init	4	static
main.c:339:6:DMA_init	64	static
main.c:409:6:USART_init	4	static
main.c:443:5:main	16	static,ignoring_inline_asm
main.c:490:6:EXTI4_IRQHandler	4	static
main.c:501:6:SPI1_IRQHandler	4	static
main.c:541:6:GPDMA1_CH6_IRQHandler	16	static
main.c:589:6:HardFault_Handler	4	static
main.c:601:6:NMI_Handler	4	static
main.c:613:6:MemManage_Handler	4	static
main.c:628:6:BusFault_Handler	4	static
main.c:643:6:UsageFault_Handler	4	static
